// Vitest Snapshot v1, https://vitest.dev/guide/snapshot.html

exports[`<Loading /> > renders 1`] = `
<div>
  <p>
    Loading...
  </p>
</div>
`;
